2026-09-05 19:41:39.909: [INFO] CurrentProfilePath: C:\Users\josan\Documents\agenda_medicos\.metadata\.plugins\org.eclipse.swt\EBWebView\Default
2026-09-05 19:41:39.909: [INFO] Profiles total count: 1
2026-09-05 19:41:39.909: [INFO] Profile: name=Perfil 1 path=C:\Users\josan\Documents\agenda_medicos\.metadata\.plugins\org.eclipse.swt\EBWebView\Default lastActive=null
2026-09-05 19:41:39.909: [INFO] LastUsedProfileDir: C:\Users\josan\Documents\agenda_medicos\.metadata\.plugins\org.eclipse.swt\EBWebView\Default
2026-09-05 19:41:39.909: [INFO] OnDoneLoading sync enabled: 0
2026-09-05 19:41:39.909: [INFO] BookmarkModelLoaded, ids_reassigned: 0
2026-09-05 19:41:39.909: [INFO] BookmarksLoadDropped droppedNodes=0
2026-09-05 19:41:39.909: [INFO] BookmarksSnapshot Startup total=0 bar=0 other=0 mobile=0 showBar=0 showBarNTP=1
2026-09-05 20:12:26.767: [INFO] BookmarksSnapshot Shutdown total=0 bar=0 other=0 mobile=0 showBar=0 showBarNTP=1
2026-09-05 20:26:57.540: [INFO] CurrentProfilePath: C:\Users\josan\Documents\agenda_medicos\.metadata\.plugins\org.eclipse.swt\EBWebView\Default
2026-09-05 20:26:57.540: [INFO] Profiles total count: 1
2026-09-05 20:26:57.540: [INFO] Profile: name=Perfil 1 path=C:\Users\josan\Documents\agenda_medicos\.metadata\.plugins\org.eclipse.swt\EBWebView\Default lastActive=null
2026-09-05 20:26:57.540: [INFO] LastUsedProfileDir: C:\Users\josan\Documents\agenda_medicos\.metadata\.plugins\org.eclipse.swt\EBWebView\Default
2026-09-05 20:26:57.540: [INFO] OnDoneLoading sync enabled: 0
2026-09-05 20:26:57.540: [INFO] BookmarkModelLoaded, ids_reassigned: 0
2026-09-05 20:26:57.540: [INFO] BookmarksLoadDropped droppedNodes=0
2026-09-05 20:26:57.540: [INFO] BookmarksSnapshot Startup total=0 bar=0 other=0 mobile=0 showBar=0 showBarNTP=1
2026-09-05 20:30:10.006: [INFO] BookmarksSnapshot Shutdown total=0 bar=0 other=0 mobile=0 showBar=0 showBarNTP=1
2026-09-05 20:30:14.861: [INFO] CurrentProfilePath: C:\Users\josan\Documents\agenda_medicos\.metadata\.plugins\org.eclipse.swt\EBWebView\Default
2026-09-05 20:30:14.861: [INFO] Profiles total count: 1
2026-09-05 20:30:14.861: [INFO] Profile: name=Perfil 1 path=C:\Users\josan\Documents\agenda_medicos\.metadata\.plugins\org.eclipse.swt\EBWebView\Default lastActive=null
2026-09-05 20:30:14.861: [INFO] LastUsedProfileDir: C:\Users\josan\Documents\agenda_medicos\.metadata\.plugins\org.eclipse.swt\EBWebView\Default
2026-09-05 20:30:14.861: [INFO] OnDoneLoading sync enabled: 0
2026-09-05 20:30:14.861: [INFO] BookmarkModelLoaded, ids_reassigned: 0
2026-09-05 20:30:14.861: [INFO] BookmarksLoadDropped droppedNodes=0
2026-09-05 20:30:14.861: [INFO] BookmarksSnapshot Startup total=0 bar=0 other=0 mobile=0 showBar=0 showBarNTP=1
2026-09-05 20:32:18.990: [INFO] BookmarksSnapshot Shutdown total=0 bar=0 other=0 mobile=0 showBar=0 showBarNTP=1
2026-09-05 20:33:53.254: [INFO] CurrentProfilePath: C:\Users\josan\Documents\agenda_medicos\.metadata\.plugins\org.eclipse.swt\EBWebView\Default
2026-09-05 20:33:53.254: [INFO] Profiles total count: 1
2026-09-05 20:33:53.254: [INFO] Profile: name=Perfil 1 path=C:\Users\josan\Documents\agenda_medicos\.metadata\.plugins\org.eclipse.swt\EBWebView\Default lastActive=null
2026-09-05 20:33:53.254: [INFO] LastUsedProfileDir: C:\Users\josan\Documents\agenda_medicos\.metadata\.plugins\org.eclipse.swt\EBWebView\Default
2026-09-05 20:33:53.254: [INFO] OnDoneLoading sync enabled: 0
2026-09-05 20:33:53.254: [INFO] BookmarkModelLoaded, ids_reassigned: 0
2026-09-05 20:33:53.254: [INFO] BookmarksLoadDropped droppedNodes=0
2026-09-05 20:33:53.254: [INFO] BookmarksSnapshot Startup total=0 bar=0 other=0 mobile=0 showBar=0 showBarNTP=1
2026-09-05 20:34:11.808: [INFO] BookmarksSnapshot Shutdown total=0 bar=0 other=0 mobile=0 showBar=0 showBarNTP=1
2026-09-05 20:34:51.786: [INFO] CurrentProfilePath: C:\Users\josan\Documents\agenda_medicos\.metadata\.plugins\org.eclipse.swt\EBWebView\Default
2026-09-05 20:34:51.786: [INFO] Profiles total count: 1
2026-09-05 20:34:51.786: [INFO] Profile: name=Perfil 1 path=C:\Users\josan\Documents\agenda_medicos\.metadata\.plugins\org.eclipse.swt\EBWebView\Default lastActive=null
2026-09-05 20:34:51.786: [INFO] LastUsedProfileDir: C:\Users\josan\Documents\agenda_medicos\.metadata\.plugins\org.eclipse.swt\EBWebView\Default
2026-09-05 20:34:51.786: [INFO] OnDoneLoading sync enabled: 0
2026-09-05 20:34:51.786: [INFO] BookmarkModelLoaded, ids_reassigned: 0
2026-09-05 20:34:51.786: [INFO] BookmarksLoadDropped droppedNodes=0
2026-09-05 20:34:51.786: [INFO] BookmarksSnapshot Startup total=0 bar=0 other=0 mobile=0 showBar=0 showBarNTP=1
2026-09-05 20:35:02.530: [INFO] BookmarksSnapshot Shutdown total=0 bar=0 other=0 mobile=0 showBar=0 showBarNTP=1
